============================================================
  网球排阵算法测试报告
  测试时间: 2026-07-07 15:29:09
============================================================

## 1. 标准对称配置

============================================================
  TEST: 4M4W  (4M, 4W, 5轮)
============================================================
  ⏱  0.00s
  场次: 10
  搭档最大重复: 3
  对手最大重复: 10
  对手≥3次: 6
  每人轮次均匀: 5-5
  搭档多样性: avg=4.0 range=4-4
  轮次组成: R1:DB1 WB1  R2:DB1 WB1  R3:DB1 WB1
  ⚠️ 搭档重复 (max=3)
  ⚠️ 对手≥3次: 6对 (最差=10)
       (0, 1) x10
       (2, 3) x10
       (0, 2) x5
       (0, 3) x5
       (1, 2) x5

============================================================
  TEST: 6M6W  (6M, 6W, 5轮)
============================================================
  ⏱  0.00s
  场次: 15
  搭档最大重复: 3
  对手最大重复: 7
  对手≥3次: 13
  每人轮次均匀: 5-5
  搭档多样性: avg=5.7 range=5-6
  轮次组成: R1:DB1 MX1 WB1  R2:DB1 MX1 WB1  R3:DB1 MX1 WB1
  ⚠️ 搭档重复 (max=3)
  ⚠️ 对手≥3次: 13对 (最差=7)
       (2, 3) x7
       (4, 5) x6
       (0, 1) x5
       (0, 2) x4
       (0, 3) x4

============================================================
  TEST: 8M8W  (8M, 8W, 5轮)
============================================================
  ⏱  0.33s
  场次: 20
  搭档最大重复: 4
  对手最大重复: 10
  对手≥3次: 4
  每人轮次均匀: 5-5
  搭档多样性: avg=5.8 range=5-6
  轮次组成: R1:DB1 MX2 WB1  R2:DB1 MX2 WB1  R3:DB1 MX2 WB1
  ⚠️ 搭档重复 (max=4)
  ⚠️ 对手≥3次: 4对 (最差=10)
       (0, 1) x10
       (2, 3) x10
       (4, 5) x10
       (6, 7) x10

============================================================
  TEST: 10M10W  (10M, 10W, 5轮)
============================================================
  ⏱  0.75s
  场次: 25
  搭档最大重复: 2
  对手最大重复: 10
  对手≥3次: 14
  每人轮次均匀: 5-5
  搭档多样性: avg=6.4 range=6-7
  轮次组成: R1:DB2 MX1 WB2  R2:DB2 MX1 WB2  R3:DB2 MX1 WB2
  ⚠️ 搭档重复 (max=2)
  ⚠️ 对手≥3次: 14对 (最差=10)
       (0, 1) x10
       (4, 5) x8
       (2, 3) x8
       (6, 7) x7
       (8, 9) x6

============================================================
  TEST: 12M12W  (12M, 12W, 5轮)
============================================================
  ⏱  0.75s
  场次: 30
  搭档最大重复: 4
  对手最大重复: 10
  对手≥3次: 12
  每人轮次均匀: 5-5
  搭档多样性: avg=6.2 range=5-8
  轮次组成: R1:DB2 MX2 WB2  R2:DB2 MX2 WB2  R3:DB2 MX2 WB2
  ⚠️ 搭档重复 (max=4)
  ⚠️ 对手≥3次: 12对 (最差=10)
       (10, 11) x10
       (0, 1) x10
       (4, 5) x9
       (8, 9) x8
       (6, 7) x7

## 2. 男女混合配置

============================================================
  TEST: 8M4W  (8M, 4W, 5轮)
============================================================
  ⏱  0.29s
  场次: 15
  搭档最大重复: 3
  对手最大重复: 6
  对手≥3次: 7
  每人轮次均匀: 5-5
  搭档多样性: avg=5.1 range=4-6
  轮次组成: R1:DB1 MX2  R2:DB1 MX2  R3:DB1 MX2
  ⚠️ 搭档重复 (max=3)
  ⚠️ 对手≥3次: 7对 (最差=6)
       (0, 3) x6
       (2, 3) x6
       (0, 1) x5
       (0, 2) x5
       (4, 5) x4

============================================================
  TEST: 10M6W  (10M, 6W, 5轮)
============================================================
  ⏱  0.67s
  场次: 20
  搭档最大重复: 3
  对手最大重复: 8
  对手≥3次: 9
  每人轮次均匀: 5-5
  搭档多样性: avg=5.8 range=4-9
  轮次组成: R1:DB2 MX1 WB1  R2:DB2 MX1 WB1  R3:DB2 MX1 WB1
  ⚠️ 搭档重复 (max=3)
  ⚠️ 对手≥3次: 9对 (最差=8)
       (0, 1) x8
       (4, 5) x6
       (2, 3) x5
       (2, 4) x5
       (3, 5) x5

============================================================
  TEST: 6M10W  (6M, 10W, 5轮)
============================================================
  ⏱  0.65s
  场次: 20
  搭档最大重复: 3
  对手最大重复: 8
  对手≥3次: 10
  每人轮次均匀: 5-5
  搭档多样性: avg=6.2 range=5-8
  轮次组成: R1:DB1 MX1 WB2  R2:DB1 MX1 WB2  R3:DB1 MX1 WB2
  ⚠️ 搭档重复 (max=3)
  ⚠️ 对手≥3次: 10对 (最差=8)
       (0, 1) x8
       (2, 3) x6
       (4, 5) x5
       (1, 2) x4
       (2, 4) x4

============================================================
  TEST: 8M12W  (8M, 12W, 5轮)
============================================================
  ⏱  0.58s
  场次: 25
  搭档最大重复: 2
  对手最大重复: 8
  对手≥3次: 7
  每人轮次均匀: 5-5
  搭档多样性: avg=6.2 range=4-8
  轮次组成: R1:DB1 MX2 WB2  R2:DB1 MX2 WB2  R3:DB1 MX2 WB2
  ⚠️ 搭档重复 (max=2)
  ⚠️ 对手≥3次: 7对 (最差=8)
       (0, 1) x8
       (4, 5) x8
       (2, 3) x7
       (6, 7) x7
       (0, 3) x4

============================================================
  TEST: 12M8W  (12M, 8W, 5轮)
============================================================
  ⏱  0.59s
  场次: 25
  搭档最大重复: 3
  对手最大重复: 7
  对手≥3次: 10
  每人轮次均匀: 5-5
  搭档多样性: avg=6.2 range=4-8
  轮次组成: R1:DB2 MX2 WB1  R2:DB2 MX2 WB1  R3:DB2 MX2 WB1
  ⚠️ 搭档重复 (max=3)
  ⚠️ 对手≥3次: 10对 (最差=7)
       (6, 7) x7
       (0, 1) x7
       (2, 3) x7
       (4, 5) x6
       (10, 11) x4

## 3. 轮次自定义

============================================================
  TEST: 8M8W 3轮  (8M, 8W, 3轮)
============================================================
  ⏱  0.21s
  场次: 12
  搭档最大重复: 2
  对手最大重复: 4
  对手≥3次: 7
  每人轮次均匀: 3-3
  搭档多样性: avg=3.5 range=3-4
  轮次组成: R1:DB1 MX2 WB1  R2:DB1 MX2 WB1  R3:DB1 MX2 WB1
  ⚠️ 搭档重复 (max=2)
  ⚠️ 对手≥3次: 7对 (最差=4)
       (1, 3) x4
       (0, 1) x4
       (2, 3) x4
       (4, 5) x4
       (5, 7) x4

============================================================
  TEST: 8M8W 4轮  (8M, 8W, 4轮)
============================================================
  ⏱  0.27s
  场次: 16
  搭档最大重复: 3
  对手最大重复: 5
  对手≥3次: 9
  每人轮次均匀: 4-4
  搭档多样性: avg=3.5 range=3-4
  轮次组成: R1:DB1 MX2 WB1  R2:DB1 MX2 WB1  R3:DB1 MX2 WB1
  ⚠️ 搭档重复 (max=3)
  ⚠️ 对手≥3次: 9对 (最差=5)
       (0, 1) x5
       (2, 3) x5
       (4, 5) x5
       (6, 7) x5
       (1, 3) x4

============================================================
  TEST: 8M8W 6轮  (8M, 8W, 6轮)
============================================================
  ⏱  0.38s
  场次: 24
  搭档最大重复: 4
  对手最大重复: 10
  对手≥3次: 9
  每人轮次均匀: 6-6
  搭档多样性: avg=5.1 range=4-6
  轮次组成: R1:DB1 MX2 WB1  R2:DB1 MX2 WB1  R3:DB1 MX2 WB1
  ⚠️ 搭档重复 (max=4)
  ⚠️ 对手≥3次: 9对 (最差=10)
       (0, 1) x10
       (4, 5) x10
       (6, 7) x10
       (2, 3) x9
       (1, 4) x4

============================================================
  汇总表
============================================================
配置               耗时     max对手    ≥3对手     max搭档   
--------------------------------------------------
4M4W             0.00   10       6        3       
6M6W             0.00   7        13       3       
8M8W             0.33   10       4        4       
10M10W           0.75   10       14       2       
12M12W           0.75   10       12       4       
8M4W             0.29   6        7        3       
10M6W            0.67   8        9        3       
6M10W            0.65   8        10       3       
8M12W            0.58   8        7        2       
12M8W            0.59   7        10       3       
8M8W 3轮          0.21   4        7        2       
8M8W 4轮          0.27   5        9        3       
8M8W 6轮          0.38   10       9        4       